###############################################################################
#
# IAR ELF Linker V7.30.4.8167/W32 for ARM                 26/Feb/2015  20:01:01
# Copyright 2007-2014 IAR Systems AB.
#
#    Output file  =  
#        E:\altium project\IAR\bldc
#        driver(IAR)\examples\boards\ek-tm4c123gxl\blinky\ewarm\Exe\blinky.out
#    Map file     =  
#        E:\altium project\IAR\bldc
#        driver(IAR)\examples\boards\ek-tm4c123gxl\blinky\ewarm\List\blinky.map
#    Command line =  
#        "E:\altium project\IAR\bldc
#        driver(IAR)\examples\boards\ek-tm4c123gxl\blinky\ewarm\Obj\adc.o"
#        "E:\altium project\IAR\bldc
#        driver(IAR)\examples\boards\ek-tm4c123gxl\blinky\ewarm\Obj\blinky.o"
#        "E:\altium project\IAR\bldc
#        driver(IAR)\examples\boards\ek-tm4c123gxl\blinky\ewarm\Obj\cpu.o"
#        "E:\altium project\IAR\bldc
#        driver(IAR)\examples\boards\ek-tm4c123gxl\blinky\ewarm\Obj\gpio.o"
#        "E:\altium project\IAR\bldc
#        driver(IAR)\examples\boards\ek-tm4c123gxl\blinky\ewarm\Obj\Nokia5110.o"
#        "E:\altium project\IAR\bldc
#        driver(IAR)\examples\boards\ek-tm4c123gxl\blinky\ewarm\Obj\pwm.o"
#        "E:\altium project\IAR\bldc
#        driver(IAR)\examples\boards\ek-tm4c123gxl\blinky\ewarm\Obj\startup.o"
#        "E:\altium project\IAR\bldc
#        driver(IAR)\examples\boards\ek-tm4c123gxl\blinky\ewarm\Obj\sysctl.o"
#        "E:\altium project\IAR\bldc
#        driver(IAR)\examples\boards\ek-tm4c123gxl\blinky\ewarm\Obj\timer.o"
#        "E:\altium project\IAR\bldc
#        driver(IAR)\examples\boards\ek-tm4c123gxl\blinky\ewarm\Obj\uartstdio.o"
#        --redirect _Printf=_PrintfTiny --redirect _Scanf=_ScanfSmall -o
#        "E:\altium project\IAR\bldc
#        driver(IAR)\examples\boards\ek-tm4c123gxl\blinky\ewarm\Exe\blinky.out"
#        --map "E:\altium project\IAR\bldc
#        driver(IAR)\examples\boards\ek-tm4c123gxl\blinky\ewarm\List\blinky.map"
#        --config "E:\altium project\IAR\bldc
#        driver(IAR)\examples\boards\ek-tm4c123gxl\blinky\blinky.icf"
#        --semihosting --entry __iar_program_start --vfe
#
###############################################################################

*******************************************************************************
*** RUNTIME MODEL ATTRIBUTES
***

CppFlavor       = *
__SystemLibrary = DLib


*******************************************************************************
*** PLACEMENT SUMMARY
***

"A1":  place at start of [0x00000000-0x0003ffff] { ro section .intvec };
"P1":  place in [from 0x00000000 to 0x0003ffff] { ro };
"P2":  place in [from 0x20000000 to 0x20007fff] { rw, block HEAP };

  Section          Kind        Address   Size  Object
  -------          ----        -------   ----  ------
"A1":                                   0x26c
  .intvec          const    0x00000000  0x26c  startup.o [1]
                          - 0x0000026c  0x26c

"P1":                                   0xac4
  .text            ro code  0x0000026c  0x4f4  blinky.o [1]
  .text            ro code  0x00000760  0x278  sysctl.o [1]
  .text            ro code  0x000009d8   0x56  timer.o [1]
  .text            ro code  0x00000a2e   0x22  zero_init3.o [5]
  .text            ro code  0x00000a50   0x7e  pwm.o [1]
  .text            ro code  0x00000ad0  0x198  gpio.o [1]
  .text            ro code  0x00000c68   0x28  data_init.o [5]
  .text            ro code  0x00000c90   0x22  fpinit_M.o [4]
  .iar.init_table  const    0x00000cb4   0x10  - Linker created -
  .text            ro code  0x00000cc4   0x1a  startup.o [1]
  .text            ro code  0x00000cde    0xc  cstartup_M.o [5]
  .text            ro code  0x00000cec   0x1a  cmain.o [5]
  .text            ro code  0x00000d06    0x4  low_level_init.o [3]
  .text            ro code  0x00000d0a    0x4  exit.o [3]
  .text            ro code  0x00000d10    0xa  cexit.o [5]
  .text            ro code  0x00000d1c   0x14  exit.o [6]
  .rodata          const    0x00000d30    0x0  zero_init3.o [5]
                          - 0x00000d30  0xac4

"P2":                                   0x104
  .bss             zero     0x20000000    0x4  blinky.o [1]
  .noinit          uninit   0x20000004  0x100  startup.o [1]
                          - 0x20000104  0x104


*******************************************************************************
*** INIT TABLE
***

          Address     Size
          -------     ----
Zero (__iar_zero_init3)
    1 destination range, total size 0x4:
          0x20000000   0x4



*******************************************************************************
*** MODULE SUMMARY
***

    Module            ro code  ro data  rw data
    ------            -------  -------  -------
E:\altium project\IAR\bldc driver(IAR)\examples\boards\ek-tm4c123gxl\blinky\ewarm\Obj: [1]
    blinky.o            1 268                 4
    gpio.o                408
    pwm.o                 126
    startup.o              26      620      256
    sysctl.o              632
    timer.o                86
    -------------------------------------------
    Total:              2 546      620      260

command line: [2]
    -------------------------------------------
    Total:

dl7M_tln.a: [3]
    exit.o                  4
    low_level_init.o        4
    -------------------------------------------
    Total:                  8

m7M_tls.a: [4]
    fpinit_M.o             34
    -------------------------------------------
    Total:                 34

rt7M_tl.a: [5]
    cexit.o                10
    cmain.o                26
    cstartup_M.o           12
    data_init.o            40
    zero_init3.o           34
    -------------------------------------------
    Total:                122

shb_l.a: [6]
    exit.o                 20
    -------------------------------------------
    Total:                 20

    Gaps                    8        2
    Linker created                  16
-----------------------------------------------
    Grand Total:        2 738      638      260


*******************************************************************************
*** ENTRY LIST
***

Entry                      Address   Size  Type      Object
-----                      -------   ----  ----      ------
.iar.init_table$$Base   0x00000cb4          --   Gb  - Linker created -
.iar.init_table$$Limit  0x00000cc4          --   Gb  - Linker created -
?main                   0x00000ced         Code  Gb  cmain.o [5]
ConfigurarTimer         0x0000030b   0x40  Code  Gb  blinky.o [1]
FaultISR                0x00000cdb    0x2  Code  Lc  startup.o [1]
GPIODirModeSet          0x00000ad1   0x28  Code  Gb  gpio.o [1]
GPIOPadConfigSet        0x00000af9   0x98  Code  Gb  gpio.o [1]
GPIOPinConfigure        0x00000bb1   0x3a  Code  Gb  gpio.o [1]
GPIOPinTypePWM          0x00000b95   0x14  Code  Gb  gpio.o [1]
IntDefaultHandler       0x00000cdd    0x2  Code  Lc  startup.o [1]
IntEnable               0x00000291   0x5a  Code  Gb  blinky.o [1]
IntPrioritySet          0x0000026d   0x24  Code  Gb  blinky.o [1]
Int_Timer0_Handler      0x0000034b   0xb0  Code  Gb  blinky.o [1]
NmiSR                   0x00000cd9    0x2  Code  Lc  startup.o [1]
PWMGenConfigure         0x00000a51   0x2c  Code  Gb  pwm.o [1]
PWMGenEnable            0x00000a91    0x6  Code  Gb  pwm.o [1]
PWMGenPeriodSet         0x00000a7d   0x14  Code  Gb  pwm.o [1]
PWMInit                 0x00000411  0x204  Code  Gb  blinky.o [1]
PWMOutputState          0x00000abd   0x12  Code  Gb  pwm.o [1]
PWMPulseWidthSet        0x00000a97   0x1e  Code  Gb  pwm.o [1]
Region$$Table$$Base     0x00000cb4          --   Gb  - Linker created -
Region$$Table$$Limit    0x00000cc4          --   Gb  - Linker created -
ResetISR                0x00000cc5    0xe  Code  Gb  startup.o [1]
SysCtlClockGet          0x00000869   0xc6  Code  Gb  sysctl.o [1]
SysCtlClockSet          0x00000785   0xe4  Code  Gb  sysctl.o [1]
SysCtlDelay             0x0000077d    0x8  Code  Gb  sysctl.o [1]
SysCtlPWMClockSet       0x0000092f    0x8  Code  Gb  sysctl.o [1]
SysCtlPeripheralEnable  0x00000761    0x8  Code  Gb  sysctl.o [1]
TimerConfigure          0x000009e5   0x26  Code  Gb  timer.o [1]
TimerEnable             0x000009d9    0xc  Code  Gb  timer.o [1]
TimerIntClear           0x00000a2b    0x4  Code  Gb  timer.o [1]
TimerIntEnable          0x00000a21    0x4  Code  Gb  timer.o [1]
TimerLoadSet            0x00000a11   0x10  Code  Gb  timer.o [1]
__cmain                 0x00000ced         Code  Gb  cmain.o [5]
__exit                  0x00000d1d   0x14  Code  Gb  exit.o [6]
__iar_data_init3        0x00000c69   0x28  Code  Gb  data_init.o [5]
__iar_init_vfp          0x00000c91         Code  Gb  fpinit_M.o [4]
__iar_program_start     0x00000cdf         Code  Gb  cstartup_M.o [5]
__iar_zero_init3        0x00000a2f   0x22  Code  Gb  zero_init3.o [5]
__low_level_init        0x00000d07    0x4  Code  Gb  low_level_init.o [3]
__vector_table          0x00000000  0x26c  Data  Gb  startup.o [1]
_call_main              0x00000cf9         Code  Gb  cmain.o [5]
_exit                   0x00000d11         Code  Gb  cexit.o [5]
_main                   0x00000d03         Code  Gb  cmain.o [5]
a                       0x20000000    0x4  Data  Gb  blinky.o [1]
exit                    0x00000d0b    0x4  Code  Gb  exit.o [3]
g_pui32EnRegs           0x0000074c   0x14  Data  Lc  blinky.o [1]
g_pui32GPIOBaseAddrs    0x00000bf0   0x78  Data  Lc  gpio.o [1]
g_pui32Regs             0x000006b0   0x9c  Data  Lc  blinky.o [1]
g_pui32Xtals            0x0000096c   0x6c  Data  Lc  sysctl.o [1]
main                    0x000002eb   0x20  Code  Gb  blinky.o [1]
pui32Stack              0x20000004  0x100  Data  Lc  startup.o [1]


[1] = E:\altium project\IAR\bldc driver(IAR)\examples\boards\ek-tm4c123gxl\blinky\ewarm\Obj
[2] = command line
[3] = dl7M_tln.a
[4] = m7M_tls.a
[5] = rt7M_tl.a
[6] = shb_l.a

  2 738 bytes of readonly  code memory
    638 bytes of readonly  data memory
    260 bytes of readwrite data memory

Errors: none
Warnings: none
